
> starter_helpi@0.1.0 test
> react-scripts test --coverage

PASS src/tests/Api.test.tsx
PASS src/tests/Homepage.test.tsx
[0;33mOne of your dependencies, babel-preset-react-app, is importing the
"@babel/plugin-proposal-private-property-in-object" package without
declaring it in its dependencies. This is currently working because
"@babel/plugin-proposal-private-property-in-object" is already in your
node_modules folder for unrelated reasons, but it [1mmay break at any time[0;33m.

babel-preset-react-app is part of the create-react-app project, [1mwhich
is not maintianed anymore[0;33m. It is thus unlikely that this bug will
ever be fixed. Add "@babel/plugin-proposal-private-property-in-object" to
your devDependencies to work around this error. This will make this message
go away.[0m
  
[0;33mOne of your dependencies, babel-preset-react-app, is importing the
"@babel/plugin-proposal-private-property-in-object" package without
declaring it in its dependencies. This is currently working because
"@babel/plugin-proposal-private-property-in-object" is already in your
node_modules folder for unrelated reasons, but it [1mmay break at any time[0;33m.

babel-preset-react-app is part of the create-react-app project, [1mwhich
is not maintianed anymore[0;33m. It is thus unlikely that this bug will
ever be fixed. Add "@babel/plugin-proposal-private-property-in-object" to
your devDependencies to work around this error. This will make this message
go away.[0m
  
-----------------------|---------|----------|---------|---------|----------------------------------------
File                   | % Stmts | % Branch | % Funcs | % Lines | Uncovered Line #s                      
-----------------------|---------|----------|---------|---------|----------------------------------------
All files              |   15.48 |     6.76 |   16.85 |   15.52 |                                        
 src                   |   15.05 |     6.76 |   16.85 |   15.08 |                                        
  Api.tsx              |   42.39 |       40 |   52.63 |   42.39 | 31-129,166-184,205,233,239,260,310-318 
  App.tsx              |   58.82 |    33.33 |   66.66 |   58.82 | 19,26-27,71-105                        
  Background.tsx       |       0 |        0 |       0 |       0 | 68-252                                 
  Default.tsx          |       0 |        0 |       0 |       0 | 10-29                                  
  DetailedQ1.tsx       |    12.5 |        0 |       0 |    12.5 | 16-43                                  
  DetailedQ2.tsx       |       0 |        0 |       0 |       0 | 7-75                                   
  DetailedQ3.tsx       |    12.5 |        0 |       0 |    12.5 | 16-40                                  
  DetailedQ4.tsx       |       0 |        0 |       0 |       0 | 7-23                                   
  DetailedQ5.tsx       |       0 |        0 |       0 |       0 | 7-23                                   
  DetailedQ6.tsx       |       0 |        0 |       0 |       0 | 7-23                                   
  DetailedQ7.tsx       |       0 |        0 |       0 |       0 | 7-23                                   
  Footer.tsx           |      50 |      100 |      50 |      50 | 16                                     
  Homepage.tsx         |   33.33 |      100 |   33.33 |   33.33 | 23-42                                  
  MultipleChoice.tsx   |       0 |        0 |       0 |       0 | 11-30                                  
  Navbar.tsx           |   66.66 |      100 |      50 |   66.66 | 7                                      
  ProgressBar.tsx      |       0 |        0 |       0 |       0 | 13-26                                  
  Results.tsx          |       0 |        0 |       0 |       0 | 39-93                                  
  SpiderPlayer.tsx     |       0 |        0 |       0 |       0 | 6-188                                  
  basicQuestions.ts    |     100 |      100 |     100 |     100 |                                        
  index.tsx            |       0 |      100 |     100 |       0 | 8-20                                   
  reportWebVitals.ts   |       0 |        0 |       0 |       0 | 3-10                                   
 src/interfaces        |     100 |      100 |     100 |     100 |                                        
  detailedQuestions.ts |     100 |      100 |     100 |     100 |                                        
  page.ts              |       0 |        0 |       0 |       0 |                                        
-----------------------|---------|----------|---------|---------|----------------------------------------

Test Suites: 2 passed, 2 total
Tests:       13 passed, 13 total
Snapshots:   0 total
Time:        5.069 s
Ran all test suites.
